#
# There is insufficient memory for the Java Runtime Environment to continue.
# Native memory allocation (mmap) failed to map 534773760 bytes for Failed to commit area from 0x0000000602000000 to 0x0000000621e00000 of length 534773760.
# Possible reasons:
#   The system is out of physical RAM or swap space
#   The process is running with CompressedOops enabled, and the Java Heap may be blocking the growth of the native heap
# Possible solutions:
#   Reduce memory load on the system
#   Increase physical memory or swap space
#   Check if swap backing store is full
#   Decrease Java heap size (-Xmx/-Xms)
#   Decrease number of Java threads
#   Decrease Java thread stack sizes (-Xss)
#   Set larger code cache with -XX:ReservedCodeCacheSize=
# This output file may be truncated or incomplete.
#
#  Out of Memory Error (./src/hotspot/os/windows/os_windows.cpp:3387), pid=22512, tid=28900
#
# JRE version:  (11.0.14.1+1) (build )
# Java VM: OpenJDK 64-Bit Server VM (11.0.14.1+1, mixed mode, sharing, tiered, compressed oops, g1 gc, windows-amd64)
# No core dump will be written. Minidumps are not enabled by default on client versions of Windows
#

---------------  S U M M A R Y ------------

Command Line: org.gradle.launcher.GradleMain -Dorg.gradle.jvmargs=-Xmx4096m --stop

Host: AMD Ryzen 5 4600H with Radeon Graphics         , 12 cores, 31G,  Windows 11 , 64 bit Build 26100 (10.0.26100.5074)
Time: Thu Oct  9 17:21:46 2025 Ô³íëÿíä³ÿ (ë³òî) elapsed time: 1.237142 seconds (0d 0h 0m 1s)

---------------  T H R E A D  ---------------

Current thread (0x0000013f73e3c000):  JavaThread "Unknown thread" [_thread_in_vm, id=28900, stack(0x0000003db5e00000,0x0000003db5f00000)]

Stack: [0x0000003db5e00000,0x0000003db5f00000]
Native frames: (J=compiled Java code, j=interpreted, Vv=VM code, C=native code)
V  [jvm.dll+0x61e59a]
V  [jvm.dll+0x7aaca9]
V  [jvm.dll+0x7ac398]
V  [jvm.dll+0x7aca73]
V  [jvm.dll+0x24f9b8]
V  [jvm.dll+0x61b83a]
V  [jvm.dll+0x6100c5]
V  [jvm.dll+0x30772c]
V  [jvm.dll+0x3075b2]
V  [jvm.dll+0x30c2d6]
V  [jvm.dll+0x35272f]
V  [jvm.dll+0x352160]
V  [jvm.dll+0x2e4728]
V  [jvm.dll+0x2e5886]
V  [jvm.dll+0x784b07]
V  [jvm.dll+0x78628f]
V  [jvm.dll+0x35f479]
V  [jvm.dll+0x767aa0]
V  [jvm.dll+0x3ccf1f]
V  [jvm.dll+0x3cf2b1]
C  [jli.dll+0x5207]
C  [ucrtbase.dll+0x37b0]
C  [KERNEL32.DLL+0x2e8d7]
C  [ntdll.dll+0x8d9c]


---------------  P R O C E S S  ---------------

Threads class SMR info:
_java_thread_list=0x0000013f71c680c0, length=0, elements={
}

Java Threads: ( => current thread )

Other Threads:
  0x0000013f73e54000 GCTaskThread "GC Thread#0" [stack: 0x0000003db5f00000,0x0000003db6000000] [id=4844]
  0x0000013f73ed5800 ConcurrentGCThread "G1 Main Marker" [stack: 0x0000003db6000000,0x0000003db6100000] [id=7724]
  0x0000013f73ed7800 ConcurrentGCThread "G1 Conc#0" [stack: 0x0000003db6100000,0x0000003db6200000] [id=27528]

[error occurred during error reporting (printing all threads), id 0xc0000005, EXCEPTION_ACCESS_VIOLATION (0xc0000005) at pc=0x00007ffb15f63ef7]

VM state:not at safepoint (not fully initialized)

VM Mutex/Monitor currently owned by a thread:  ([mutex/lock_event])
[0x0000013f73e3b4c0] Heap_lock - owner thread: 0x0000013f73e3c000

Heap address: 0x0000000602000000, size: 8160 MB, Compressed Oops mode: Non-zero based: 0x0000000602000000
Narrow klass base: 0x0000000000000000, Narrow klass shift: 0

GC Heap History (0 events):
No events

Deoptimization events (0 events):
No events

Classes redefined (0 events):
No events

Internal exceptions (0 events):
No events

Events (1 events):
Event: 0.014 Loaded shared library C:\Program Files\Unity\Hub\Editor\2022.3.42f1\Editor\Data\PlaybackEngines\AndroidPlayer\OpenJDK\bin\zip.dll


Dynamic libraries:
0x00007ff6c15e0000 - 0x00007ff6c15ed000 	C:\Program Files\Unity\Hub\Editor\2022.3.42f1\Editor\Data\PlaybackEngines\AndroidPlayer\OpenJDK\bin\java.exe
0x00007ffbf2a40000 - 0x00007ffbf2ca9000 	C:\WINDOWS\SYSTEM32\ntdll.dll
0x00007ffbf2870000 - 0x00007ffbf2939000 	C:\WINDOWS\System32\KERNEL32.DLL
0x00007ffbefbd0000 - 0x00007ffbeffc3000 	C:\WINDOWS\System32\KERNELBASE.dll
0x00007ffbf0230000 - 0x00007ffbf037b000 	C:\WINDOWS\System32\ucrtbase.dll
0x00007ffbccfd0000 - 0x00007ffbccfe5000 	C:\Program Files\Unity\Hub\Editor\2022.3.42f1\Editor\Data\PlaybackEngines\AndroidPlayer\OpenJDK\bin\VCRUNTIME140.dll
0x00007ffbce6b0000 - 0x00007ffbce6c7000 	C:\Program Files\Unity\Hub\Editor\2022.3.42f1\Editor\Data\PlaybackEngines\AndroidPlayer\OpenJDK\bin\jli.dll
0x00007ffbf1f90000 - 0x00007ffbf2154000 	C:\WINDOWS\System32\USER32.dll
0x00007ffbd4e50000 - 0x00007ffbd50e3000 	C:\WINDOWS\WinSxS\amd64_microsoft.windows.common-controls_6595b64144ccf1df_6.0.26100.5074_none_3e0d6f78e32fd63f\COMCTL32.dll
0x00007ffbf0140000 - 0x00007ffbf0167000 	C:\WINDOWS\System32\win32u.dll
0x00007ffbf21c0000 - 0x00007ffbf2269000 	C:\WINDOWS\System32\msvcrt.dll
0x00007ffbf1ee0000 - 0x00007ffbf1f0b000 	C:\WINDOWS\System32\GDI32.dll
0x00007ffbf05a0000 - 0x00007ffbf06cd000 	C:\WINDOWS\System32\gdi32full.dll
0x00007ffbf06d0000 - 0x00007ffbf0773000 	C:\WINDOWS\System32\msvcp_win.dll
0x00007ffbf2940000 - 0x00007ffbf296f000 	C:\WINDOWS\System32\IMM32.DLL
0x00007ffba8a80000 - 0x00007ffba8b1b000 	C:\Program Files\Unity\Hub\Editor\2022.3.42f1\Editor\Data\PlaybackEngines\AndroidPlayer\OpenJDK\bin\msvcp140.dll
0x00007ffb15c70000 - 0x00007ffb167f1000 	C:\Program Files\Unity\Hub\Editor\2022.3.42f1\Editor\Data\PlaybackEngines\AndroidPlayer\OpenJDK\bin\server\jvm.dll
0x00007ffbf26f0000 - 0x00007ffbf27a4000 	C:\WINDOWS\System32\ADVAPI32.dll
0x00007ffbf0db0000 - 0x00007ffbf0e56000 	C:\WINDOWS\System32\sechost.dll
0x00007ffbf24f0000 - 0x00007ffbf2608000 	C:\WINDOWS\System32\RPCRT4.dll
0x00007ffbf0da0000 - 0x00007ffbf0da8000 	C:\WINDOWS\System32\PSAPI.DLL
0x00007ffbe3160000 - 0x00007ffbe3195000 	C:\WINDOWS\SYSTEM32\WINMM.dll
0x00007ffb3ee10000 - 0x00007ffb3ee1a000 	C:\WINDOWS\SYSTEM32\WSOCK32.dll
0x00007ffbe8280000 - 0x00007ffbe828b000 	C:\WINDOWS\SYSTEM32\VERSION.dll
0x00007ffbf2980000 - 0x00007ffbf29f4000 	C:\WINDOWS\System32\WS2_32.dll
0x00007ffbee970000 - 0x00007ffbee98b000 	C:\WINDOWS\SYSTEM32\kernel.appcore.dll
0x00007ffbecbc0000 - 0x00007ffbecbd0000 	C:\Program Files\Unity\Hub\Editor\2022.3.42f1\Editor\Data\PlaybackEngines\AndroidPlayer\OpenJDK\bin\verify.dll
0x00007ffbd9ab0000 - 0x00007ffbd9cf2000 	C:\WINDOWS\SYSTEM32\DBGHELP.DLL
0x00007ffbf1700000 - 0x00007ffbf1a7b000 	C:\WINDOWS\System32\combase.dll
0x00007ffbf2610000 - 0x00007ffbf26e7000 	C:\WINDOWS\System32\OLEAUT32.dll
0x00007ffbd55a0000 - 0x00007ffbd55dd000 	C:\WINDOWS\SYSTEM32\dbgcore.DLL
0x00007ffbf0500000 - 0x00007ffbf0599000 	C:\WINDOWS\System32\bcryptPrimitives.dll
0x00007ffbccfa0000 - 0x00007ffbccfc8000 	C:\Program Files\Unity\Hub\Editor\2022.3.42f1\Editor\Data\PlaybackEngines\AndroidPlayer\OpenJDK\bin\java.dll
0x00007ffbd8dd0000 - 0x00007ffbd8dda000 	C:\Program Files\Unity\Hub\Editor\2022.3.42f1\Editor\Data\PlaybackEngines\AndroidPlayer\OpenJDK\bin\jimage.dll
0x00007ffbccef0000 - 0x00007ffbccf08000 	C:\Program Files\Unity\Hub\Editor\2022.3.42f1\Editor\Data\PlaybackEngines\AndroidPlayer\OpenJDK\bin\zip.dll

dbghelp: loaded successfully - version: 4.0.5 - missing functions: none
symbol engine: initialized successfully - sym options: 0x614 - pdb path: .;C:\Program Files\Unity\Hub\Editor\2022.3.42f1\Editor\Data\PlaybackEngines\AndroidPlayer\OpenJDK\bin;C:\WINDOWS\SYSTEM32;C:\WINDOWS\WinSxS\amd64_microsoft.windows.common-controls_6595b64144ccf1df_6.0.26100.5074_none_3e0d6f78e32fd63f;C:\Program Files\Unity\Hub\Editor\2022.3.42f1\Editor\Data\PlaybackEngines\AndroidPlayer\OpenJDK\bin\server

VM Arguments:
java_command: org.gradle.launcher.GradleMain -Dorg.gradle.jvmargs=-Xmx4096m --stop
java_class_path (initial): C:\Program Files\Unity\Hub\Editor\2022.3.42f1\Editor\Data\PlaybackEngines\AndroidPlayer\Tools\gradle\lib\gradle-launcher-7.5.1.jar
Launcher Type: SUN_STANDARD

[Global flags]
     intx CICompilerCount                          = 4                                         {product} {ergonomic}
     uint ConcGCThreads                            = 3                                         {product} {ergonomic}
     uint G1ConcRefinementThreads                  = 10                                        {product} {ergonomic}
   size_t G1HeapRegionSize                         = 2097152                                   {product} {ergonomic}
    uintx GCDrainStackTargetSize                   = 64                                        {product} {ergonomic}
   size_t InitialHeapSize                          = 534773760                                 {product} {ergonomic}
   size_t MarkStackSize                            = 4194304                                   {product} {ergonomic}
   size_t MaxHeapSize                              = 8556380160                                {product} {ergonomic}
   size_t MinHeapDeltaBytes                        = 2097152                                   {product} {ergonomic}
    uintx NonNMethodCodeHeapSize                   = 5836300                                {pd product} {ergonomic}
    uintx NonProfiledCodeHeapSize                  = 122910970                              {pd product} {ergonomic}
    uintx ProfiledCodeHeapSize                     = 122910970                              {pd product} {ergonomic}
    uintx ReservedCodeCacheSize                    = 251658240                              {pd product} {ergonomic}
     bool SegmentedCodeCache                       = true                                      {product} {ergonomic}
     bool UseCompressedClassPointers               = true                                 {lp64_product} {ergonomic}
     bool UseCompressedOops                        = true                                 {lp64_product} {ergonomic}
     bool UseG1GC                                  = true                                      {product} {ergonomic}
     bool UseLargePagesIndividualAllocation        = false                                  {pd product} {ergonomic}

Logging:
Log output configuration:
 #0: stdout all=warning uptime,level,tags
 #1: stderr all=off uptime,level,tags

Environment Variables:
JAVA_HOME=C:\Program Files\Unity\Hub\Editor\2022.3.42f1\Editor\Data\PlaybackEngines\AndroidPlayer\OpenJDK
PATH=C:\WINDOWS\system32;C:\WINDOWS;C:\WINDOWS\System32\Wbem;C:\WINDOWS\System32\WindowsPowerShell\v1.0\;C:\WINDOWS\System32\OpenSSH\;C:\Program Files (x86)\NVIDIA Corporation\PhysX\Common;C:\Program Files\dotnet\;C:\Program Files\Git\cmd;C:\Program Files\OpenSSL-Win64\bin;C:\Program Files\Unity\Hub\Editor\2020.3.39f1\Editor\Data\PlaybackEngines\AndroidPlayer\OpenJDK\bin;;C:\Program Files\NVIDIA Corporation\NVIDIA app\NvDLISR;C:\Users\tannn\AppData\Local\Microsoft\WindowsApps;C:\Users\tannn\AppData\Local\GitHubDesktop\bin;C:\Users\tannn\.dotnet\tools;C:\Users\tannn\AppData\Local\Programs\Microsoft VS Code\bin;C:\Users\tannn\AppData\Local\Programs\cursor\resources\app\bin
USERNAME=tannn
OS=Windows_NT
PROCESSOR_IDENTIFIER=AMD64 Family 23 Model 96 Stepping 1, AuthenticAMD



---------------  S Y S T E M  ---------------

OS: Windows 11 , 64 bit Build 26100 (10.0.26100.5074)
OS uptime: 0 days 4:33 hours
Hyper-V role detected

CPU:total 12 (initial active 12) (12 cores per cpu, 2 threads per core) family 23 model 96 stepping 1 microcode 0x8600104, cmov, cx8, fxsr, mmx, sse, sse2, sse3, ssse3, sse4.1, sse4.2, popcnt, avx, avx2, aes, clmul, mmxext, 3dnowpref, lzcnt, sse4a, ht, tsc, tscinvbit, tscinv, bmi1, bmi2, adx, sha, fma

Memory: 4k page, system-wide physical 32637M (8327M free)
TotalPageFile size 37612M (AvailPageFile size 826M)
current process WorkingSet (physical memory assigned to process): 12M, peak: 12M
current process commit charge ("private bytes"): 65M, peak: 576M

vm_info: OpenJDK 64-Bit Server VM (11.0.14.1+1) for windows-amd64 JRE (11.0.14.1+1), built on Feb  9 2022 01:48:27 by "" with unknown MS VC++:1916

END.
